1.优化打包逻辑，需要先运行打包，然后将打包产物复制到docker中，避免长时间打包影响服务器性能
2.头像改为现有的头像（public\images\avatar.jpg）
3.背景图改为现有的背景图（public\images\background.jpg）
4.修复live2d可以切换所有的模型
5.播放器成功对接网易云音乐api（后端自部署），能实现播放歌单内歌曲，同时文章内歌曲的播放也能实现且能替换右下角的当前播放。
6.对接github登录
7.测试其余功能是否正常
8.测试登录注册功能是否正常
9.测试文章编辑功能是否正常
10.测试文章创建功能是否正常
11.测试文章删除功能是否正常
12.测试代码块、文章内容展示、搜索、锚点跳转，图片嵌入，音乐播放等是否正常
13.admin改为中文，样式稍微好看一点
14.文章详情页标题区滚动到内容区时使用同一背景图（不影响首页）
15.播放器的进度可以拖动，播放器的展示和所有功能都正常
16.播放器点击右上角的关闭后应该能继续在后台播放
17.页面内指针切换为指定指针（public\default.cur和public\pointer.cur）
18.首页背景图滚动蒙版的逻辑优化，应该是在最上面的时候无任何蒙版，越往下滚动蒙版越深，最后变成线稿图的那种背景图，也就是滚动到一定程度后，背景图的蒙版越来越深，直到滚动到标题被隐藏后才是最深蒙版。

=== 测试 TODO 更新（2026-02-27）===
[x] 已按 docs/functional_test_plan.md 完整执行一轮容器内自动化功能回归（27/27 通过）
[x] 核心链路验证通过：注册/登录、文章创建-编辑-删除、评论创建-查询-删除、音乐接口、页面路由可达
[x] 评论系统连通验证通过：Remark42 embed 脚本可访问，页面已集成评论组件
[x] 修复：后台文章编辑“搜索音乐”不可用（后端补充 /music/search，前端修正响应解析）
[x] 修复：后台文章编辑更新时分类/标签字段不匹配（update 改为 categories/tags）
[x] P0-1：后台仪表盘改为真实数据（monitor summary）
[x] P0-2：文章详情评论数改为真实值
[x] P0-3：评论区增加服务不可用降级提示
[x] P0-4：修复构建期 ENOTFOUND server 告警（archives dynamic）
[x] P1-1：视觉资源本地优先策略已落地（登录页/后台页/文章卡片/懒加载图）
[x] P1-1：文章详情页背景连续性完成（标题区滚动到正文区保持同一背景层）
[x] P1-2：动效参数统一第一阶段完成（motion tokens + Hero/Background/Navbar/ArticleCard/MusicPlayer 关键交互接入）
[x] P1-3：后台文章编辑体验增强第一阶段完成（分类/标签候选、音乐搜索缓存分页、封面上传失败重试提示）
[x] P1-3：音乐搜索服务端分页完成（/music/search 支持 limit/offset + pagination 元数据）
[x] 已复测一轮容器内自动化功能回归（27/27 通过，含 /posts/[id] 与 /music/search）
[x] 已在重建后再次复测容器内自动化回归（27/27 通过）并完成文章页视觉抽检
[x] 已完成 P1 专项校验（5/5）：分类/标签候选接口、音乐分页格式、分页结果差异、编辑器缓存/重试逻辑
[x] P1 三项已全部完成并完成容器内回归验证
[x] 修复：播放链路统一走后端代理（MusicPlayer/ArticleMusic 不再依赖网易云外链 URL）
[x] 修复：/music/url 返回代理地址，/music/proxy 增强可播放地址解析（song/url/v1 优先）
[x] 已执行“功能测试方案 + 播放专项”完整回归（29/29 通过，含代理流式播放校验）
[x] 新增：后台管理员可配置网易云 Cookie（手动粘贴 + 二维码登录流程）用于提升版权歌曲可播率
[x] 新增：后台管理员可配置默认歌单 ID，播放器首次加载读取 `/music/playlist/default`
[x] 已验证：`/music/admin/status` 权限控制、`/music/admin/config` 生效、`/music/admin/qr/start` 可生成二维码
[x] 已补充：`docker-compose.yml`/`docker-compose.dev.yml` 挂载 `./server/data:/app/data`，后台音乐配置跨容器重建可保留
[x] 已补充自动化音乐播放冒烟脚本（`npm run test:music:smoke`），默认歌单抽样 8 首代理播放链路验证通过（8/8）
[x] P1 已完成收口：功能实现 + 容器重建 + 回归 + 冒烟自动化检查
